// Jest Snapshot v1, https://goo.gl/fbAQLP

exports[`The PressReader stack matches the snapshot 1`] = `
{
  "Metadata": {
    "gu:cdk:constructs": [
      "GuDistributionBucketParameter",
      "GuScheduledLambda",
    ],
    "gu:cdk:version": "TEST",
  },
  "Parameters": {
    "DistributionBucketName": {
      "Default": "/account/services/artifact.bucket",
      "Description": "SSM parameter containing the S3 bucket name holding distribution artifacts",
      "Type": "AWS::SSM::Parameter::Value<String>",
    },
  },
  "Resources": {
    "pressreaderlambdaB481BEF0": {
      "DependsOn": [
        "pressreaderlambdaServiceRoleDefaultPolicy7471EACC",
        "pressreaderlambdaServiceRole68181491",
      ],
      "Properties": {
        "Code": {
          "S3Bucket": {
            "Ref": "DistributionBucketName",
          },
          "S3Key": "print-production/TEST/pressreader/pressreader.zip",
        },
        "Environment": {
          "Variables": {
            "APP": "pressreader",
            "STACK": "print-production",
            "STAGE": "TEST",
          },
        },
        "Handler": "handler.main",
        "MemorySize": 512,
        "Role": {
          "Fn::GetAtt": [
            "pressreaderlambdaServiceRole68181491",
            "Arn",
          ],
        },
        "Runtime": "nodejs18.x",
        "Tags": [
          {
            "Key": "App",
            "Value": "pressreader",
          },
          {
            "Key": "gu:cdk:version",
            "Value": "TEST",
          },
          {
            "Key": "gu:repo",
            "Value": "guardian/pressreader",
          },
          {
            "Key": "Stack",
            "Value": "print-production",
          },
          {
            "Key": "Stage",
            "Value": "TEST",
          },
        ],
        "Timeout": 300,
      },
      "Type": "AWS::Lambda::Function",
    },
    "pressreaderlambdaServiceRole68181491": {
      "Properties": {
        "AssumeRolePolicyDocument": {
          "Statement": [
            {
              "Action": "sts:AssumeRole",
              "Effect": "Allow",
              "Principal": {
                "Service": "lambda.amazonaws.com",
              },
            },
          ],
          "Version": "2012-10-17",
        },
        "ManagedPolicyArns": [
          {
            "Fn::Join": [
              "",
              [
                "arn:",
                {
                  "Ref": "AWS::Partition",
                },
                ":iam::aws:policy/service-role/AWSLambdaBasicExecutionRole",
              ],
            ],
          },
        ],
        "Tags": [
          {
            "Key": "App",
            "Value": "pressreader",
          },
          {
            "Key": "gu:cdk:version",
            "Value": "TEST",
          },
          {
            "Key": "gu:repo",
            "Value": "guardian/pressreader",
          },
          {
            "Key": "Stack",
            "Value": "print-production",
          },
          {
            "Key": "Stage",
            "Value": "TEST",
          },
        ],
      },
      "Type": "AWS::IAM::Role",
    },
    "pressreaderlambdaServiceRoleDefaultPolicy7471EACC": {
      "Properties": {
        "PolicyDocument": {
          "Statement": [
            {
              "Action": [
                "s3:GetObject*",
                "s3:GetBucket*",
                "s3:List*",
              ],
              "Effect": "Allow",
              "Resource": [
                {
                  "Fn::Join": [
                    "",
                    [
                      "arn:",
                      {
                        "Ref": "AWS::Partition",
                      },
                      ":s3:::",
                      {
                        "Ref": "DistributionBucketName",
                      },
                    ],
                  ],
                },
                {
                  "Fn::Join": [
                    "",
                    [
                      "arn:",
                      {
                        "Ref": "AWS::Partition",
                      },
                      ":s3:::",
                      {
                        "Ref": "DistributionBucketName",
                      },
                      "/print-production/TEST/pressreader/pressreader.zip",
                    ],
                  ],
                },
              ],
            },
            {
              "Action": "ssm:GetParametersByPath",
              "Effect": "Allow",
              "Resource": {
                "Fn::Join": [
                  "",
                  [
                    "arn:aws:ssm:",
                    {
                      "Ref": "AWS::Region",
                    },
                    ":",
                    {
                      "Ref": "AWS::AccountId",
                    },
                    ":parameter/TEST/print-production/pressreader",
                  ],
                ],
              },
            },
            {
              "Action": [
                "ssm:GetParameters",
                "ssm:GetParameter",
              ],
              "Effect": "Allow",
              "Resource": {
                "Fn::Join": [
                  "",
                  [
                    "arn:aws:ssm:",
                    {
                      "Ref": "AWS::Region",
                    },
                    ":",
                    {
                      "Ref": "AWS::AccountId",
                    },
                    ":parameter/TEST/print-production/pressreader/*",
                  ],
                ],
              },
            },
          ],
          "Version": "2012-10-17",
        },
        "PolicyName": "pressreaderlambdaServiceRoleDefaultPolicy7471EACC",
        "Roles": [
          {
            "Ref": "pressreaderlambdaServiceRole68181491",
          },
        ],
      },
      "Type": "AWS::IAM::Policy",
    },
    "pressreaderlambdapressreaderlambdacron0106BFB30AD": {
      "Properties": {
        "ScheduleExpression": "cron(0 1 * * ? *)",
        "State": "ENABLED",
        "Targets": [
          {
            "Arn": {
              "Fn::GetAtt": [
                "pressreaderlambdaB481BEF0",
                "Arn",
              ],
            },
            "Id": "Target0",
          },
        ],
      },
      "Type": "AWS::Events::Rule",
    },
    "pressreaderlambdapressreaderlambdacron010AllowEventRulePressReaderpressreaderlambda88EE711E420D72B5": {
      "Properties": {
        "Action": "lambda:InvokeFunction",
        "FunctionName": {
          "Fn::GetAtt": [
            "pressreaderlambdaB481BEF0",
            "Arn",
          ],
        },
        "Principal": "events.amazonaws.com",
        "SourceArn": {
          "Fn::GetAtt": [
            "pressreaderlambdapressreaderlambdacron0106BFB30AD",
            "Arn",
          ],
        },
      },
      "Type": "AWS::Lambda::Permission",
    },
  },
}
`;
